Compiling dysgu/cluster.pyx because it changed.
[1/1] Cythonizing dysgu/cluster.pyx
running build_ext
building 'dysgu.cluster' extension
g++ -pthread -B /home/thomas/Desktop/benchmark-detection-cavendish/.pixi/envs/default/compiler_compat -DNDEBUG -fwrapv -O2 -Wall -fPIC -O2 -fno-merge-constants -isystem /home/thomas/Desktop/benchmark-detection-cavendish/.pixi/envs/default/include -fdebug-prefix-map=/home/conda/feedstock_root/build_artifacts/python-split_1788391675171/work=/usr/local/src/conda/python-split-3.11.16 -fPIC -O2 -fno-merge-constants -isystem /home/thomas/Desktop/benchmark-detection-cavendish/.pixi/envs/default/include -fdebug-prefix-map=/home/conda/feedstock_root/build_artifacts/python-split_1788391675171/work=/usr/local/src/conda/python-split-3.11.16 -fPIC -DNPY_NO_DEPRECATED_API=NPY_1_7_API_VERSION -Idysgu -I/home/thomas/Desktop/benchmark-detection-cavendish/.pixi/envs/default/lib/python3.11/site-packages/pysam -I/home/thomas/Desktop/benchmark-detection-cavendish/results/dysgu-pandas-check/dysgu-1.9.0 -I/home/thomas/Desktop/benchmark-detection-cavendish/results/dysgu-pandas-check/dysgu-1.9.0/dysgu -I/home/thomas/Desktop/benchmark-detection-cavendish/results/dysgu-pandas-check/dysgu-1.9.0/dysgu/include -I/home/thomas/Desktop/benchmark-detection-cavendish/.pixi/envs/default/lib/python3.11/site-packages/numpy/_core/include -I/home/thomas/Desktop/benchmark-detection-cavendish/.pixi/envs/default/lib/python3.11/site-packages/pysam/include/htslib -I/home/thomas/Desktop/benchmark-detection-cavendish/.pixi/envs/default/lib/python3.11/site-packages/pysam/include/samtools -I/home/thomas/Desktop/benchmark-detection-cavendish/.pixi/envs/default/include -I/home/thomas/Desktop/benchmark-detection-cavendish/.pixi/envs/default/include/python3.11 -c dysgu/cluster.cpp -o ../build-patched/dysgu/cluster.o -std=c++17 -O2
In file included from dysgu/cluster.cpp:1510:
dysgu/include/find_reads.hpp: In member function ‘int CoverageTrack::get_cov(int)’:
dysgu/include/find_reads.hpp:63:32: warning: comparison of integer expressions of different signedness: ‘int’ and ‘std::vector<int, std::allocator<int> >::size_type’ {aka ‘long unsigned int’} [-Wsign-compare]
   63 |             if (pos > 0 && idx <= cov_array.size()) {
      |                            ~~~~^~~~~~~~~~~~~~~~~~~
dysgu/include/find_reads.hpp: In member function ‘void CoverageTrack::write_track(char*)’:
dysgu/include/find_reads.hpp:108:31: warning: comparison of integer expressions of different signedness: ‘int’ and ‘std::vector<int, std::allocator<int> >::size_type’ {aka ‘long unsigned int’} [-Wsign-compare]
  108 |             for (int i = 0; i < cov_array.size(); i++) {
      |                             ~~^~~~~~~~~~~~~~~~~~
dysgu/include/find_reads.hpp: In function ‘int process_alignment(int&, std::string&, std::deque<std::pair<long unsigned int, bam1_t*> >&, std::vector<bam1_t*>&, int, int, int, ankerl::unordered_dense::v4_5_0::set<long unsigned int>&, CoverageTrack&, uint64_t&, int, int, int, int, sam_hdr_t**, htsFile**, std::string&, bool, long int*, int, Tr::TranscriptData&)’:
dysgu/include/find_reads.hpp:141:22: warning: comparison of integer expressions of different signedness: ‘std::deque<std::pair<long unsigned int, bam1_t*> >::size_type’ {aka ‘long unsigned int’} and ‘const int’ [-Wsign-compare]
  141 |     if (scope.size() > max_scope) {
      |         ~~~~~~~~~~~~~^~~~~~~~~~~
dysgu/include/find_reads.hpp:154:28: warning: comparison of integer expressions of different signedness: ‘std::vector<bam1_t*>::size_type’ {aka ‘long unsigned int’} and ‘const int’ [-Wsign-compare]
  154 |     if (write_queue.size() > max_write_queue) {
      |         ~~~~~~~~~~~~~~~~~~~^~~~~~~~~~~~~~~~~
dysgu/include/find_reads.hpp:268:46: warning: comparison of integer expressions of different signedness: ‘uint32_t’ {aka ‘unsigned int’} and ‘const int’ [-Wsign-compare]
  268 |                                       length >= clip_length);
      |                                       ~~~~~~~^~~~~~~~~~~~~~
dysgu/include/find_reads.hpp:270:42: warning: comparison of integer expressions of different signedness: ‘uint32_t’ {aka ‘unsigned int’} and ‘const int’ [-Wsign-compare]
  270 |                                   length >= min_within_size);
      |                                   ~~~~~~~^~~~~~~~~~~~~~~~~~
dysgu/include/find_reads.hpp: In function ‘int search_hts_alignments(const char*, const char*, uint32_t, int, int, int, int, const char*, int, const char*, const char*, const char*, bool, const char*, const char*, const char*, const char*)’:
dysgu/include/find_reads.hpp:392:57: warning: comparison of integer expressions of different signedness: ‘int’ and ‘const std::__cxx11::basic_string<char>::size_type’ {aka ‘const long unsigned int’} [-Wsign-compare]
  392 |         while ((string_pos = region_string.find(delim)) != std::string::npos) {
      |                ~~~~~~~~~~~~~~~~~~~~~~~~~~~~~~~~~~~~~~~~~^~~~~~~~~~~~~~~~~~~~
g++ -pthread -B /home/thomas/Desktop/benchmark-detection-cavendish/.pixi/envs/default/compiler_compat -DNDEBUG -fwrapv -O2 -Wall -fPIC -O2 -fno-merge-constants -isystem /home/thomas/Desktop/benchmark-detection-cavendish/.pixi/envs/default/include -fdebug-prefix-map=/home/conda/feedstock_root/build_artifacts/python-split_1788391675171/work=/usr/local/src/conda/python-split-3.11.16 -fPIC -O2 -fno-merge-constants -isystem /home/thomas/Desktop/benchmark-detection-cavendish/.pixi/envs/default/include -fdebug-prefix-map=/home/conda/feedstock_root/build_artifacts/python-split_1788391675171/work=/usr/local/src/conda/python-split-3.11.16 -shared ../build-patched/dysgu/cluster.o -L/home/thomas/Desktop/benchmark-detection-cavendish/.pixi/envs/default/lib -Wl,-R/home/thomas/Desktop/benchmark-detection-cavendish/.pixi/envs/default/lib -lhts -o ../patched/dysgu/cluster.cpython-311-x86_64-linux-gnu.so
